{1, 3, 4, 5, 6, 'x', [10, 20], ['a', 'b', {'c'}]}
{2, 3, 4, 6, 7, 8, 9, {'c', {}, ['a']}, [10, 20]}

{1, 2, 3, 4, 5, 6, 7, 8, 9, 'x', {'c', {}, ['a']}, [10, 20], ['a', 'b', {'c'}]}
{3, 4, 6, [10, 20]}
{1, 5, 'x', ['a', 'b', {'c'}]}
{2, 7, 8, 9, {'c', {}, ['a']}}
{1, 5, 'x', ['a', 'b', {'c'}]}
