1
0
1234567890
-123456789
2
144
416
0
-647
-5554
4
2
13
Fin
