fuera del if
dentro del primer if
dentro del segundo if
dentro del tercer if
dentro del segundo if
dentro del primer if
fuera del if
